Starting 2 NONMEM executions. 2 in parallel.
S:1 .. S:2 ..  done
Waiting for all NONMEM runs to finish:
F:1 .. 