====== GRID Error Stream START ======




Fatal Error: error




======= Grid error stream END =======