Starting 1 NONMEM executions. 1 in parallel.
S:1 .. 
Model in NM_run1 crashed, try nr 1

Model in NM_run1 crashed, try nr 2
 done
F:1 .. 
execute done
