Reading data file: simu_rich_2.csv
|.........................................| ... done
Calculating continuous covariate statistics
|....................................| ... done
Calculating categorical covariate statistics
|........................................| ... done
Starting scm backward search
Estimating base model with included_relations to get base ofv
Starting 1 NONMEM executions. 1 in parallel.
S:1 ..  done
F:1 .. Starting 3 NONMEM executions. 3 in parallel.
S:1 .. S:2 .. S:3 ..  done
Waiting for all NONMEM runs to finish:

