====== GRID Error Stream START ======



GRID OUTPUT STREAM CONTENT




======= Grid error stream END =======