Starting 2 NONMEM executions. 2 in parallel.
S:1 .. S:2 ..  done
Waiting for all NONMEM runs to finish:
F:1 .. F:2 ..  done

Reading and formatting DV data. This can take a while...
Time 14:39:28, 46% done. Approximately 2 minutes of formatting remaining.
Time 14:40:09, 93% done. Approximately 2 minutes of formatting remaining.
Done reading and formatting data, finishing run.
vpc done
