Starting scm forward search
Reading data file: simu_rich_2.csv
|.........................................| ... done
Calculating continuous covariate statistics
|....................................| ... done
Calculating categorical covariate statistics
|........................................| ... done
Estimating base model
Starting 1 NONMEM executions. 1 in parallel.
