Executing base model.
Starting 1 NONMEM executions. 1 in parallel.
S:1 ..  done
F:1 .. Resampling from simu_rich_2.csv
|........................................| ... done
Starting 10 NONMEM executions. 5 in parallel.
S:1 .. S:2 .. S:3 .. S:4 .. S:5 .. S:6 .. S:7 .. S:8 .. S:9 .. S:10 ..  done
Waiting for all NONMEM runs to finish:
F:6 .. F:9 .. F:8 .. F:10 .. F:7 ..  done

Bootstrap done.
