/bin/bash 

SCRIPTS-DIR/prepare.sh

-d "SGE-SHARED-LOCATION/MIF-TEST-JOB-ID" -C "JOB-REQUEST-INPUT-DIR" "SGE-SHARED-LOCATION/MIF-TEST-JOB-ID"

echo '#!/bin/bash
R-SCRIPT-EXECUTABLE EXECUTION-FILE.R' > SGE-SHARED-LOCATION/MIF-TEST-JOB-ID/MIF-exec.sh 