cd "SGE-SHARED-LOCATION/MIF-"

find . ! -name 'MIF-*' -print | cpio -pdum JOB-REQUEST-OUTPUT-DIR

